// Jest Snapshot v1, https://goo.gl/fbAQLP

exports[`Hero renders and matches snapshot 1`] = `
<DocumentFragment>
  <article
    class="flex flex-col items-center justify-center text-center pt-6 md:pt-32"
  >
    <img
      alt="page title"
      class="md:h-50vh"
    />
    <h1
      class="text-4xl md:text-6xl font-title text-pink-custom mt-4 md:mt-16 mb-4"
    >
      page title
    </h1>
    <p
      class="font-title my-2 md:my-8 text-lg"
    >
      <time
        datetime="2019-10-10T00:00:00"
      >
        October, 2019
      </time>
    </p>
    <div
      class="markdown"
    >
      <p>
        content
      </p>
    </div>
    <a
      class="px-4 py-2 my-8 md:my-8 border-solid border border-black font-body text-base hover:bg-black hover:text-pink-custom ease-in-out transition duration-500"
      href="/portfolio?internalLink=true"
    >
      Back to Portfolio
    </a>
  </article>
</DocumentFragment>
`;
