// Jest Snapshot v1, https://goo.gl/fbAQLP

exports[`About renders and matches snapshot 1`] = `
<DocumentFragment>
  <section
    id="about"
  >
    <div
      class="flex w-full my-0 md:py-32 flex-col md:flex-row"
    >
      <div
        class="w-full"
      >
        <div
          class="w-full h-full relative"
          style="opacity: 0; transform: translateX(-700px) translateZ(0);"
        >
          <img
            alt="Ameira"
            class="hidden md:block absolute z-0 object-cover w-overlap h-overlap max-w-overlap"
            data-testid="about-image"
          />
        </div>
      </div>
      <div
        class="w-full z-10 pb-10"
      >
        <div
          class="pt-12 mt-5 md:mt-12 w-full bg-grey-custom px-10 pb-10 h-full z-10"
          style="opacity: 0; transform: translateX(700px) translateZ(0);"
        >
          <h2
            class="text-6xl font-title mb-2 md:mb-0"
          >
            About Me
          </h2>
          <img
            alt="Ameira"
            class="md:hidden object-cover mb-2 md:mb-2"
          />
          <div
            class="about"
          >
            <p>
              some html
            </p>
          </div>
        </div>
      </div>
    </div>
  </section>
</DocumentFragment>
`;
