// Jest Snapshot v1, https://goo.gl/fbAQLP

exports[`Container it renders and matches snapshot 1`] = `
<DocumentFragment>
  <div
    class="container 2xl:max-w-screen-xl mx-auto px-5"
  />
</DocumentFragment>
`;
