// Jest Snapshot v1, https://goo.gl/fbAQLP

exports[`Footer renders and matches snapshot 1`] = `
<DocumentFragment>
  <footer
    class="w-full flex justify-center items-center flex-col font-body"
  >
    <div
      class="inline-flex p-10 text-base md:text-xl font-bold"
    >
      <p>
        Taru Goswami
      </p>
      <img
        alt="logo"
        class="h-4 md:h-5 w-4 md:w-5 ml-2 mr-3 animate-pulse"
        src="/assets/butterfly.svg"
      />
    </div>
    <div
      class="flex flex-row items-center justify-center"
    >
      <a
        class="px-2 hover:text-pink-200"
        href="https://twitter.com/"
        rel="noopener noreferrer"
        target="_blank"
      >
        <svg
          fill="currentColor"
          height="1em"
          stroke="currentColor"
          stroke-width="0"
          viewBox="0 0 512 512"
          width="1em"
          xmlns="http://www.w3.org/2000/svg"
        >
          <path
            d="M459.37 151.716c.325 4.548.325 9.097.325 13.645 0 138.72-105.583 298.558-298.558 298.558-59.452 0-114.68-17.219-161.137-47.106 8.447.974 16.568 1.299 25.34 1.299 49.055 0 94.213-16.568 130.274-44.832-46.132-.975-84.792-31.188-98.112-72.772 6.498.974 12.995 1.624 19.818 1.624 9.421 0 18.843-1.3 27.614-3.573-48.081-9.747-84.143-51.98-84.143-102.985v-1.299c13.969 7.797 30.214 12.67 47.431 13.319-28.264-18.843-46.781-51.005-46.781-87.391 0-19.492 5.197-37.36 14.294-52.954 51.655 63.675 129.3 105.258 216.365 109.807-1.624-7.797-2.599-15.918-2.599-24.04 0-57.828 46.782-104.934 104.934-104.934 30.213 0 57.502 12.67 76.67 33.137 23.715-4.548 46.456-13.32 66.599-25.34-7.798 24.366-24.366 44.833-46.132 57.827 21.117-2.273 41.584-8.122 60.426-16.243-14.292 20.791-32.161 39.308-52.628 54.253z"
          />
        </svg>
      </a>
      <a
        class="px-2 hover:text-pink-200"
        href="https://www.linkedin.com/in/tarugoswami/"
        rel="noopener noreferrer"
        target="_blank"
      >
        <svg
          fill="currentColor"
          height="1em"
          stroke="currentColor"
          stroke-width="0"
          viewBox="0 0 448 512"
          width="1em"
          xmlns="http://www.w3.org/2000/svg"
        >
          <path
            d="M100.28 448H7.4V148.9h92.88zM53.79 108.1C24.09 108.1 0 83.5 0 53.8a53.79 53.79 0 0 1 107.58 0c0 29.7-24.1 54.3-53.79 54.3zM447.9 448h-92.68V302.4c0-34.7-.7-79.2-48.29-79.2-48.29 0-55.69 37.7-55.69 76.7V448h-92.78V148.9h89.08v40.8h1.3c12.4-23.5 42.69-48.3 87.88-48.3 94 0 111.28 61.9 111.28 142.3V448z"
          />
        </svg>
      </a>
      <a
        class="px-2 hover:text-pink-200"
        href="https://www.instagram.com/tarugoswami"
        rel="noopener noreferrer"
        target="_blank"
      >
        <svg
          fill="currentColor"
          height="1em"
          stroke="currentColor"
          stroke-width="0"
          viewBox="0 0 448 512"
          width="1em"
          xmlns="http://www.w3.org/2000/svg"
        >
          <path
            d="M224.1 141c-63.6 0-114.9 51.3-114.9 114.9s51.3 114.9 114.9 114.9S339 319.5 339 255.9 287.7 141 224.1 141zm0 189.6c-41.1 0-74.7-33.5-74.7-74.7s33.5-74.7 74.7-74.7 74.7 33.5 74.7 74.7-33.6 74.7-74.7 74.7zm146.4-194.3c0 14.9-12 26.8-26.8 26.8-14.9 0-26.8-12-26.8-26.8s12-26.8 26.8-26.8 26.8 12 26.8 26.8zm76.1 27.2c-1.7-35.9-9.9-67.7-36.2-93.9-26.2-26.2-58-34.4-93.9-36.2-37-2.1-147.9-2.1-184.9 0-35.8 1.7-67.6 9.9-93.9 36.1s-34.4 58-36.2 93.9c-2.1 37-2.1 147.9 0 184.9 1.7 35.9 9.9 67.7 36.2 93.9s58 34.4 93.9 36.2c37 2.1 147.9 2.1 184.9 0 35.9-1.7 67.7-9.9 93.9-36.2 26.2-26.2 34.4-58 36.2-93.9 2.1-37 2.1-147.8 0-184.8zM398.8 388c-7.8 19.6-22.9 34.7-42.6 42.6-29.5 11.7-99.5 9-132.1 9s-102.7 2.6-132.1-9c-19.6-7.8-34.7-22.9-42.6-42.6-11.7-29.5-9-99.5-9-132.1s-2.6-102.7 9-132.1c7.8-19.6 22.9-34.7 42.6-42.6 29.5-11.7 99.5-9 132.1-9s102.7-2.6 132.1 9c19.6 7.8 34.7 22.9 42.6 42.6 11.7 29.5 9 99.5 9 132.1s2.7 102.7-9 132.1z"
          />
        </svg>
      </a>
    </div>
    <p
      class="m-8 text-center flex items-center text-sm md:text-base"
    >
      <svg
        class="mx-2"
        fill="currentColor"
        height="1em"
        stroke="currentColor"
        stroke-width="0"
        viewBox="0 0 1024 1024"
        width="1em"
        xmlns="http://www.w3.org/2000/svg"
      >
        <path
          d="M512 64C264.6 64 64 264.6 64 512s200.6 448 448 448 448-200.6 448-448S759.4 64 512 64zm0 820c-205.4 0-372-166.6-372-372s166.6-372 372-372 372 166.6 372 372-166.6 372-372 372zm5.6-532.7c53 0 89 33.8 93 83.4.3 4.2 3.8 7.4 8 7.4h56.7c2.6 0 4.7-2.1 4.7-4.7 0-86.7-68.4-147.4-162.7-147.4C407.4 290 344 364.2 344 486.8v52.3C344 660.8 407.4 734 517.3 734c94 0 162.7-58.8 162.7-141.4 0-2.6-2.1-4.7-4.7-4.7h-56.8c-4.2 0-7.6 3.2-8 7.3-4.2 46.1-40.1 77.8-93 77.8-65.3 0-102.1-47.9-102.1-133.6v-52.6c.1-87 37-135.5 102.2-135.5z"
        />
      </svg>
      2022
    </p>
    <p
      class="mx-2"
    >
      Designed & Developed by
    </p>
    <a
      class="text-pink-600"
      href="https://sreerajsree.vercel.app/"
      rel="noopener noreferrer"
      target="_blank"
    >
      Sreeraj S
    </a>
    <p />
  </footer>
</DocumentFragment>
`;
