// Jest Snapshot v1, https://goo.gl/fbAQLP

exports[`PrintMarkdownHTML it renders and matches snapshot 1`] = `
<DocumentFragment>
  <div
    class="markdown"
  >
    <p>
      Hello World
    </p>
  </div>
</DocumentFragment>
`;
